Testing enemy AI behavior...
